[dotenv@17.3.1] injecting env (17) from .env -- tip: ­şöÉ prevent committing .env to code: https://dotenvx.com/precommit
Executing (default): SELECT 1+1 AS result
Connected
Executing (default): SELECT count(*) AS `count` FROM `sales_data` AS `SalesData`;
Executing (default): SELECT count(*) AS `count` FROM `ads_data` AS `AdsData`;
Executing (default): SELECT count(*) AS `count` FROM `traffic_data` AS `TrafficData`;
Sales: 0
Ads: 31867
Traffic: 0
Executing (default): SELECT `id`, `order_id`, `order_date`, `customer_id`, `city`, `country`, `device`, `channel`, `source`, `medium`, `campaign_name`, `product_name`, `product_category`, `product_sku`, `product_count`, `order_revenue`, `discount_amount`, `refund_amount`, `order_status`, `payment_method`, `attribution_source`, `raw_payload`, `import_id`, `created_at` FROM `sales_data` AS `SalesData` ORDER BY `SalesData`.`id` DESC LIMIT 1;
Last Sale: None
